<html>
<body>
<pre>
<h1>礦ision Build Log</h1>
<h2>Tool Versions:</h2>
IDE-Version: μVision V5.23.0.0
Copyright (C) 2017 ARM Ltd and ARM Germany GmbH. All rights reserved.
License Information: 11 1, 1, LIC=9N0X7-E32ZV-LT43E-54TAG-2XWRM-79U96
 
Tool Versions:
Toolchain:       MDK-ARM Professional  Version: 5.23
Toolchain Path:  D:\software\mdk523\ARM\ARMCC\Bin
C Compiler:      Armcc.exe V5.06 update 4 (build 422)
Assembler:       Armasm.exe V5.06 update 4 (build 422)
Linker/Locator:  ArmLink.exe V5.06 update 4 (build 422)
Library Manager: ArmAr.exe V5.06 update 4 (build 422)
Hex Converter:   FromElf.exe V5.06 update 4 (build 422)
CPU DLL:         SARMCM3.DLL V5.23
Dialog DLL:      DCM.DLL V1.15.0.0
Target DLL:      STLink\ST-LINKIII-KEIL_SWO.dll V2.0.18.0
Dialog DLL:      TCM.DLL V1.27.0.0
 
<h2>Project:</h2>
C:\Users\ThinkPad\Desktop\template\ili_9341\USER\LED.uvprojx
Project File Date:  05/03/2018

<h2>Output:</h2>
*** Using Compiler 'V5.06 update 4 (build 422)', folder: 'D:\software\mdk523\ARM\ARMCC\Bin'
Rebuild target 'LED'
compiling stm32f4xx_it.c...
compiling system_stm32f4xx.c...
compiling main.c...
main.c(104): warning:  #223-D: function "EXTI7_Init" declared implicitly
  	EXTI7_Init();						//使能定时器捕获
main.c(57): warning:  #177-D: variable "key"  was declared but never referenced
  	u8 key;
main.c(60): warning:  #177-D: variable "i"  was declared but never referenced
   	u8 i=0;	    
main.c(61): warning:  #177-D: variable "msgbuf"  was declared but never referenced
  	u8 msgbuf[15];//消息缓存区
main.c(62): warning:  #177-D: variable "tm"  was declared but never referenced
  	u8 tm=0;
main.c: 5 warnings, 0 errors
compiling led.c...
compiling lcd.c...
compiling ov7670.c...
compiling sccb.c...
compiling exti.c...
compiling delay.c...
assembling startup_stm32f40_41xxx.s...
compiling usart.c...
compiling sys.c...
compiling misc.c...
compiling stm32f4xx_gpio.c...
compiling stm32f4xx_syscfg.c...
compiling stm32f4xx_rcc.c...
compiling stm32f4xx_exti.c...
compiling stm32f4xx_usart.c...
linking...
Program Size: Code=7132 RO-data=6848 RW-data=20 ZI-data=1844  
FromELF: creating hex file...
"..\OBJ\LED.axf" - 0 Error(s), 5 Warning(s).

<h2>Collection of Component include folders:</h2>
  .\RTE\_LED
  D:\software\mdk523\ARM\PACK\Keil\STM32F4xx_DFP\2.11.0\Drivers\CMSIS\Device\ST\STM32F4xx\Include

<h2>Collection of Component Files used:</h2>
Build Time Elapsed:  00:00:09
</pre>
</body>
</html>
